supermarket_sales_data.csv
Date,Product_Name,Product_Category,Price_per_Unit,Discount_%,Stock_Available,DayOfWeek,Is_Weekend,Is_Holiday,Units_Sold
2024-12-29,Lays Chips,Snacks,20.0,0,62,6,1,0,18
2024-12-30,Lays Chips,Snacks,17.0,15,43,0,0,0,22
2024-12-31,Lays Chips,Snacks,19.0,5,73,1,0,0,13
2025-01-01,Lays Chips,Snacks,18.0,10,21,2,0,0,15
2025-01-02,Lays Chips,Snacks,19.0,5,29,3,0,0,11
2025-01-03,Lays Chips,Snacks,20.0,0,63,4,0,0,15
2025-01-04,Lays Chips,Snacks,17.0,15,64,5,1,0,18
2025-01-05,Lays Chips,Snacks,20.0,0,55,6,1,0,14
2025-01-06,Lays Chips,Snacks,20.0,0,53,0,0,0,10
2025-01-07,Lays Chips,Snacks,16.0,20,45,1,0,0,17
2025-01-08,Lays Chips,Snacks,20.0,0,39,2,0,0,11
2025-01-09,Lays Chips,Snacks,19.0,5,95,3,0,0,19
2025-01-10,Lays Chips,Snacks,19.0,5,39,4,0,0,10
2025-01-11,Lays Chips,Snacks,19.0,5,43,5,1,0,14
2025-01-12,Lays Chips,Snacks,16.0,20,80,6,1,0,24
2025-01-13,Lays Chips,Snacks,19.0,5,22,0,0,0,10
2025-01-14,Lays Chips,Snacks,19.0,5,90,1,0,0,20
2025-01-15,Lays Chips,Snacks,18.0,10,87,2,0,0,16
2025-01-16,Lays Chips,Snacks,17.0,15,75,3,0,0,22
2025-01-17,Lays Chips,Snacks,18.0,10,44,4,0,0,17
2025-01-18,Lays Chips,Snacks,20.0,0,57,5,1,0,16
2025-01-19,Lays Chips,Snacks,16.0,20,29,6,1,0,27
2025-01-20,Lays Chips,Snacks,19.0,5,27,0,0,0,16
2025-01-21,Lays Chips,Snacks,19.0,5,95,1,0,0,9
2025-01-22,Lays Chips,Snacks,20.0,0,74,2,0,0,15
2025-01-23,Lays Chips,Snacks,19.0,5,85,3,0,0,15
2025-01-24,Lays Chips,Snacks,17.0,15,72,4,0,0,20
2025-01-25,Lays Chips,Snacks,20.0,0,30,5,1,0,10
2025-01-26,Lays Chips,Snacks,20.0,0,77,6,1,0,10
2025-01-27,Lays Chips,Snacks,18.0,10,73,0,0,0,11
2025-01-28,Lays Chips,Snacks,19.0,5,74,1,0,0,18
2025-01-29,Lays Chips,Snacks,19.0,5,47,2,0,0,20
2025-01-30,Lays Chips,Snacks,20.0,0,84,3,0,0,17
2025-01-31,Lays Chips,Snacks,19.0,5,55,4,0,0,8
2025-02-01,Lays Chips,Snacks,20.0,0,39,5,1,0,18
2025-02-02,Lays Chips,Snacks,17.0,15,88,6,1,0,24
2025-02-03,Lays Chips,Snacks,19.0,5,25,0,0,0,11
2025-02-04,Lays Chips,Snacks,18.0,10,59,1,0,0,18
2025-02-05,Lays Chips,Snacks,19.0,5,24,2,0,0,15
2025-02-06,Lays Chips,Snacks,19.0,5,50,3,0,0,18
2025-02-07,Lays Chips,Snacks,20.0,0,56,4,0,0,8
2025-02-08,Lays Chips,Snacks,20.0,0,22,5,1,0,15
2025-02-09,Lays Chips,Snacks,18.0,10,41,6,1,0,19
2025-02-10,Lays Chips,Snacks,19.0,5,60,0,0,0,15
2025-02-11,Lays Chips,Snacks,19.0,5,62,1,0,0,10
2025-02-12,Lays Chips,Snacks,20.0,0,72,2,0,0,14
2025-02-13,Lays Chips,Snacks,20.0,0,99,3,0,0,9
2025-02-14,Lays Chips,Snacks,18.0,10,48,4,0,0,19
2025-02-15,Lays Chips,Snacks,20.0,0,92,5,1,0,15
2025-02-16,Lays Chips,Snacks,20.0,0,77,6,1,0,9
2025-02-17,Lays Chips,Snacks,18.0,10,98,0,0,0,19
2025-02-18,Lays Chips,Snacks,20.0,0,34,1,0,0,16
2025-02-19,Lays Chips,Snacks,16.0,20,63,2,0,0,22
2025-02-20,Lays Chips,Snacks,19.0,5,74,3,0,0,17
2025-02-21,Lays Chips,Snacks,16.0,20,80,4,0,0,23
2025-02-22,Lays Chips,Snacks,18.0,10,32,5,1,0,20
2025-02-23,Lays Chips,Snacks,19.0,5,45,6,1,0,14
2025-02-24,Lays Chips,Snacks,18.0,10,24,0,0,0,16
2025-02-25,Lays Chips,Snacks,20.0,0,87,1,0,0,11
2025-02-26,Lays Chips,Snacks,18.0,10,49,2,0,0,16
2025-02-27,Lays Chips,Snacks,20.0,0,76,3,0,0,11
2025-02-28,Lays Chips,Snacks,19.0,5,25,4,0,0,10
2025-03-01,Lays Chips,Snacks,18.0,10,93,5,1,0,20
2025-03-02,Lays Chips,Snacks,19.0,5,49,6,1,0,16
2025-03-03,Lays Chips,Snacks,18.0,10,62,0,0,0,14
2025-03-04,Lays Chips,Snacks,19.0,5,20,1,0,0,13
2025-03-05,Lays Chips,Snacks,20.0,0,44,2,0,0,10
2025-03-06,Lays Chips,Snacks,19.0,5,69,3,0,0,15
2025-03-07,Lays Chips,Snacks,19.0,5,68,4,0,0,13
2025-03-08,Lays Chips,Snacks,16.0,20,53,5,1,0,23
2025-03-09,Lays Chips,Snacks,18.0,10,87,6,1,0,20
2025-03-10,Lays Chips,Snacks,16.0,20,23,0,0,0,24
2025-03-11,Lays Chips,Snacks,18.0,10,32,1,0,0,19
2025-03-12,Lays Chips,Snacks,20.0,0,75,2,0,0,11
2025-03-13,Lays Chips,Snacks,19.0,5,47,3,0,0,13
2025-03-14,Lays Chips,Snacks,19.0,5,98,4,0,0,16
2025-03-15,Lays Chips,Snacks,19.0,5,22,5,1,0,18
2025-03-16,Lays Chips,Snacks,19.0,5,55,6,1,0,16
2025-03-17,Lays Chips,Snacks,20.0,0,73,0,0,0,14
2025-03-18,Lays Chips,Snacks,16.0,20,82,1,0,0,20
2025-03-19,Lays Chips,Snacks,19.0,5,25,2,0,0,13
2025-03-20,Lays Chips,Snacks,16.0,20,84,3,0,0,19
2025-03-21,Lays Chips,Snacks,17.0,15,34,4,0,0,18
2025-03-22,Lays Chips,Snacks,17.0,15,56,5,1,0,25
2025-03-23,Lays Chips,Snacks,19.0,5,66,6,1,0,17
2025-03-24,Lays Chips,Snacks,20.0,0,90,0,0,0,7
2025-03-25,Lays Chips,Snacks,17.0,15,44,1,0,0,19
2025-03-26,Lays Chips,Snacks,18.0,10,80,2,0,0,16
2025-03-27,Lays Chips,Snacks,20.0,0,33,3,0,0,14
2025-03-28,Lays Chips,Snacks,20.0,0,20,4,0,0,16
2025-03-29,Lays Chips,Snacks,20.0,0,56,5,1,0,15
2025-03-30,Lays Chips,Snacks,20.0,0,95,6,1,0,18
2025-03-31,Lays Chips,Snacks,19.0,5,77,0,0,0,9
2025-04-01,Lays Chips,Snacks,17.0,15,69,1,0,0,23
2025-04-02,Lays Chips,Snacks,17.0,15,44,2,0,0,19
2025-04-03,Lays Chips,Snacks,20.0,0,20,3,0,0,11
2025-04-04,Lays Chips,Snacks,16.0,20,71,4,0,0,22
2025-04-05,Lays Chips,Snacks,16.0,20,55,5,1,0,29
2025-04-06,Lays Chips,Snacks,17.0,15,69,6,1,0,26
2025-04-07,Lays Chips,Snacks,20.0,0,45,0,0,0,10
2025-04-08,Lays Chips,Snacks,20.0,0,24,1,0,0,13
2025-04-09,Lays Chips,Snacks,16.0,20,54,2,0,0,16
2025-04-10,Lays Chips,Snacks,16.0,20,85,3,0,0,21
2025-04-11,Lays Chips,Snacks,19.0,5,60,4,0,0,13
2025-04-12,Lays Chips,Snacks,18.0,10,39,5,1,0,24
2025-04-13,Lays Chips,Snacks,20.0,0,77,6,1,0,20
2025-04-14,Lays Chips,Snacks,20.0,0,79,0,0,0,8
2025-04-15,Lays Chips,Snacks,20.0,0,96,1,0,0,13
2025-04-16,Lays Chips,Snacks,18.0,10,97,2,0,0,17
2025-04-17,Lays Chips,Snacks,16.0,20,25,3,0,0,22
2025-04-18,Lays Chips,Snacks,18.0,10,26,4,0,0,15
2025-04-19,Lays Chips,Snacks,20.0,0,40,5,1,0,17
2025-04-20,Lays Chips,Snacks,20.0,0,77,6,1,0,19
2025-04-21,Lays Chips,Snacks,20.0,0,78,0,0,0,12
2025-04-22,Lays Chips,Snacks,17.0,15,48,1,0,0,19
2025-04-23,Lays Chips,Snacks,20.0,0,61,2,0,0,10
2025-04-24,Lays Chips,Snacks,19.0,5,75,3,0,0,18
2025-04-25,Lays Chips,Snacks,20.0,0,54,4,0,0,13
2025-04-26,Lays Chips,Snacks,20.0,0,66,5,1,0,16
2025-04-27,Lays Chips,Snacks,17.0,15,28,6,1,0,21
2025-04-28,Lays Chips,Snacks,20.0,0,61,0,0,0,12
2025-04-29,Lays Chips,Snacks,18.0,10,67,1,0,0,17
2025-04-30,Lays Chips,Snacks,20.0,0,71,2,0,0,9
2025-05-01,Lays Chips,Snacks,18.0,10,38,3,0,0,16
2025-05-02,Lays Chips,Snacks,18.0,10,80,4,0,0,17
2025-05-03,Lays Chips,Snacks,17.0,15,54,5,1,0,27
2025-05-04,Lays Chips,Snacks,17.0,15,66,6,1,0,19
2025-05-05,Lays Chips,Snacks,17.0,15,71,0,0,0,16
2025-05-06,Lays Chips,Snacks,20.0,0,81,1,0,0,8
2025-05-07,Lays Chips,Snacks,20.0,0,32,2,0,0,10
2025-05-08,Lays Chips,Snacks,18.0,10,90,3,0,0,18
2025-05-09,Lays Chips,Snacks,20.0,0,32,4,0,0,14
2025-05-10,Lays Chips,Snacks,17.0,15,47,5,1,0,18
2025-05-11,Lays Chips,Snacks,19.0,5,78,6,1,0,18
2025-05-12,Lays Chips,Snacks,16.0,20,69,0,0,0,23
2025-05-13,Lays Chips,Snacks,20.0,0,84,1,0,0,15
2025-05-14,Lays Chips,Snacks,19.0,5,34,2,0,0,12
2025-05-15,Lays Chips,Snacks,20.0,0,89,3,0,0,6
2025-05-16,Lays Chips,Snacks,19.0,5,51,4,0,0,11
2025-05-17,Lays Chips,Snacks,16.0,20,84,5,1,0,24
2025-05-18,Lays Chips,Snacks,20.0,0,79,6,1,0,14
2025-05-19,Lays Chips,Snacks,20.0,0,65,0,0,0,11
2025-05-20,Lays Chips,Snacks,18.0,10,84,1,0,0,21
2025-05-21,Lays Chips,Snacks,18.0,10,97,2,0,0,17
2025-05-22,Lays Chips,Snacks,19.0,5,30,3,0,0,15
2025-05-23,Lays Chips,Snacks,20.0,0,52,4,0,0,15
2025-05-24,Lays Chips,Snacks,18.0,10,32,5,1,0,16
2025-05-25,Lays Chips,Snacks,20.0,0,37,6,1,0,19
2025-05-26,Lays Chips,Snacks,20.0,0,35,0,0,0,6
2025-05-27,Lays Chips,Snacks,20.0,0,74,1,0,0,13
2025-05-28,Lays Chips,Snacks,17.0,15,80,2,0,0,19
2025-05-29,Lays Chips,Snacks,16.0,20,70,3,0,0,23
2025-05-30,Lays Chips,Snacks,17.0,15,28,4,0,0,20
2025-05-31,Lays Chips,Snacks,19.0,5,43,5,1,0,17
2025-06-01,Lays Chips,Snacks,19.0,5,37,6,1,0,24
2025-06-02,Lays Chips,Snacks,19.0,5,26,0,0,0,15
2025-06-03,Lays Chips,Snacks,19.0,5,51,1,0,0,17
2025-06-04,Lays Chips,Snacks,17.0,15,70,2,0,0,18
2025-06-05,Lays Chips,Snacks,19.0,5,80,3,0,0,16
2025-06-06,Lays Chips,Snacks,20.0,0,41,4,0,0,7
2025-06-07,Lays Chips,Snacks,16.0,20,50,5,1,0,24
2025-06-08,Lays Chips,Snacks,19.0,5,31,6,1,0,20
2025-06-09,Lays Chips,Snacks,20.0,0,68,0,0,0,15
2025-06-10,Lays Chips,Snacks,18.0,10,63,1,0,0,10
2025-06-11,Lays Chips,Snacks,17.0,15,53,2,0,0,17
2025-06-12,Lays Chips,Snacks,18.0,10,25,3,0,0,17
2025-06-13,Lays Chips,Snacks,19.0,5,94,4,0,0,10
2025-06-14,Lays Chips,Snacks,16.0,20,55,5,1,0,26
2025-06-15,Lays Chips,Snacks,19.0,5,93,6,1,0,15
2025-06-16,Lays Chips,Snacks,19.0,5,28,0,0,0,15
2025-06-17,Lays Chips,Snacks,18.0,10,76,1,0,0,19
2025-06-18,Lays Chips,Snacks,19.0,5,70,2,0,0,6
2025-06-19,Lays Chips,Snacks,17.0,15,77,3,0,0,15
2025-06-20,Lays Chips,Snacks,20.0,0,79,4,0,0,11
2025-06-21,Lays Chips,Snacks,18.0,10,27,5,1,0,14
2025-06-22,Lays Chips,Snacks,16.0,20,85,6,1,0,27
2025-06-23,Lays Chips,Snacks,18.0,10,83,0,0,0,17
2025-06-24,Lays Chips,Snacks,18.0,10,75,1,0,0,18
2025-06-25,Lays Chips,Snacks,20.0,0,29,2,0,0,10
2025-06-26,Lays Chips,Snacks,20.0,0,29,3,0,0,9
2025-06-27,Lays Chips,Snacks,18.0,10,38,4,0,0,19
