supermarket_sales_data.csv
Date,Product_Name,Product_Category,Price_per_Unit,Discount_%,Stock_Available,DayOfWeek,Is_Weekend,Is_Holiday,Units_Sold
2024-12-29,Maaza Bottle,Beverage,20.0,20,68,6,1,0,24
2024-12-30,Maaza Bottle,Beverage,20.0,20,87,0,0,0,18
2024-12-31,Maaza Bottle,Beverage,22.5,10,26,1,0,0,18
2025-01-01,Maaza Bottle,Beverage,25.0,0,63,2,0,0,13
2025-01-02,Maaza Bottle,Beverage,25.0,0,69,3,0,0,7
2025-01-03,Maaza Bottle,Beverage,25.0,0,54,4,0,0,16
2025-01-04,Maaza Bottle,Beverage,23.75,5,67,5,1,0,19
2025-01-05,Maaza Bottle,Beverage,25.0,0,77,6,1,0,16
2025-01-06,Maaza Bottle,Beverage,23.75,5,51,0,0,0,13
2025-01-07,Maaza Bottle,Beverage,23.75,5,32,1,0,0,10
2025-01-08,Maaza Bottle,Beverage,25.0,0,33,2,0,0,11
2025-01-09,Maaza Bottle,Beverage,25.0,0,49,3,0,0,6
2025-01-10,Maaza Bottle,Beverage,22.5,10,48,4,0,0,14
2025-01-11,Maaza Bottle,Beverage,22.5,10,58,5,1,0,18
2025-01-12,Maaza Bottle,Beverage,23.75,5,37,6,1,0,19
2025-01-13,Maaza Bottle,Beverage,25.0,0,28,0,0,0,10
2025-01-14,Maaza Bottle,Beverage,22.5,10,28,1,0,0,17
2025-01-15,Maaza Bottle,Beverage,23.75,5,44,2,0,0,14
2025-01-16,Maaza Bottle,Beverage,20.0,20,69,3,0,0,23
2025-01-17,Maaza Bottle,Beverage,25.0,0,90,4,0,0,14
2025-01-18,Maaza Bottle,Beverage,23.75,5,76,5,1,0,22
2025-01-19,Maaza Bottle,Beverage,23.75,5,94,6,1,0,14
2025-01-20,Maaza Bottle,Beverage,23.75,5,66,0,0,0,15
2025-01-21,Maaza Bottle,Beverage,23.75,5,97,1,0,0,9
2025-01-22,Maaza Bottle,Beverage,23.75,5,99,2,0,0,16
2025-01-23,Maaza Bottle,Beverage,23.75,5,58,3,0,0,15
2025-01-24,Maaza Bottle,Beverage,25.0,0,36,4,0,0,5
2025-01-25,Maaza Bottle,Beverage,23.75,5,77,5,1,0,14
2025-01-26,Maaza Bottle,Beverage,20.0,20,79,6,1,0,23
2025-01-27,Maaza Bottle,Beverage,25.0,0,63,0,0,0,5
2025-01-28,Maaza Bottle,Beverage,21.25,15,32,1,0,0,21
2025-01-29,Maaza Bottle,Beverage,21.25,15,74,2,0,0,18
2025-01-30,Maaza Bottle,Beverage,20.0,20,61,3,0,0,20
2025-01-31,Maaza Bottle,Beverage,23.75,5,44,4,0,0,18
2025-02-01,Maaza Bottle,Beverage,25.0,0,95,5,1,0,14
2025-02-02,Maaza Bottle,Beverage,25.0,0,43,6,1,0,13
2025-02-03,Maaza Bottle,Beverage,23.75,5,35,0,0,0,15
2025-02-04,Maaza Bottle,Beverage,22.5,10,86,1,0,0,10
2025-02-05,Maaza Bottle,Beverage,23.75,5,94,2,0,0,14
2025-02-06,Maaza Bottle,Beverage,25.0,0,71,3,0,0,16
2025-02-07,Maaza Bottle,Beverage,22.5,10,21,4,0,0,15
2025-02-08,Maaza Bottle,Beverage,25.0,0,28,5,1,0,16
2025-02-09,Maaza Bottle,Beverage,21.25,15,22,6,1,0,19
2025-02-10,Maaza Bottle,Beverage,20.0,20,46,0,0,0,24
2025-02-11,Maaza Bottle,Beverage,25.0,0,88,1,0,0,8
2025-02-12,Maaza Bottle,Beverage,23.75,5,44,2,0,0,13
2025-02-13,Maaza Bottle,Beverage,25.0,0,57,3,0,0,14
2025-02-14,Maaza Bottle,Beverage,25.0,0,56,4,0,0,16
2025-02-15,Maaza Bottle,Beverage,22.5,10,49,5,1,0,22
2025-02-16,Maaza Bottle,Beverage,23.75,5,70,6,1,0,22
2025-02-17,Maaza Bottle,Beverage,25.0,0,44,0,0,0,8
2025-02-18,Maaza Bottle,Beverage,25.0,0,48,1,0,0,16
2025-02-19,Maaza Bottle,Beverage,23.75,5,62,2,0,0,13
2025-02-20,Maaza Bottle,Beverage,21.25,15,46,3,0,0,21
2025-02-21,Maaza Bottle,Beverage,20.0,20,66,4,0,0,21
2025-02-22,Maaza Bottle,Beverage,25.0,0,71,5,1,0,17
2025-02-23,Maaza Bottle,Beverage,25.0,0,39,6,1,0,15
2025-02-24,Maaza Bottle,Beverage,20.0,20,93,0,0,0,23
2025-02-25,Maaza Bottle,Beverage,23.75,5,36,1,0,0,13
2025-02-26,Maaza Bottle,Beverage,25.0,0,53,2,0,0,11
2025-02-27,Maaza Bottle,Beverage,25.0,0,79,3,0,0,15
2025-02-28,Maaza Bottle,Beverage,25.0,0,81,4,0,0,11
2025-03-01,Maaza Bottle,Beverage,21.25,15,33,5,1,0,25
2025-03-02,Maaza Bottle,Beverage,20.0,20,69,6,1,0,26
2025-03-03,Maaza Bottle,Beverage,25.0,0,89,0,0,0,15
2025-03-04,Maaza Bottle,Beverage,22.5,10,26,1,0,0,14
2025-03-05,Maaza Bottle,Beverage,22.5,10,76,2,0,0,14
2025-03-06,Maaza Bottle,Beverage,20.0,20,28,3,0,0,23
2025-03-07,Maaza Bottle,Beverage,25.0,0,53,4,0,0,14
2025-03-08,Maaza Bottle,Beverage,25.0,0,65,5,1,0,15
2025-03-09,Maaza Bottle,Beverage,25.0,0,54,6,1,0,17
2025-03-10,Maaza Bottle,Beverage,25.0,0,67,0,0,0,13
2025-03-11,Maaza Bottle,Beverage,23.75,5,79,1,0,0,15
2025-03-12,Maaza Bottle,Beverage,23.75,5,68,2,0,0,15
2025-03-13,Maaza Bottle,Beverage,25.0,0,80,3,0,0,11
2025-03-14,Maaza Bottle,Beverage,23.75,5,93,4,0,0,14
2025-03-15,Maaza Bottle,Beverage,25.0,0,65,5,1,0,11
2025-03-16,Maaza Bottle,Beverage,21.25,15,73,6,1,0,20
2025-03-17,Maaza Bottle,Beverage,25.0,0,32,0,0,0,14
2025-03-18,Maaza Bottle,Beverage,22.5,10,83,1,0,0,19
2025-03-19,Maaza Bottle,Beverage,23.75,5,66,2,0,0,16
2025-03-20,Maaza Bottle,Beverage,22.5,10,29,3,0,0,13
2025-03-21,Maaza Bottle,Beverage,25.0,0,62,4,0,0,13
2025-03-22,Maaza Bottle,Beverage,20.0,20,60,5,1,0,24
2025-03-23,Maaza Bottle,Beverage,22.5,10,85,6,1,0,22
2025-03-24,Maaza Bottle,Beverage,22.5,10,64,0,0,0,16
2025-03-25,Maaza Bottle,Beverage,22.5,10,29,1,0,0,18
2025-03-26,Maaza Bottle,Beverage,21.25,15,79,2,0,0,25
2025-03-27,Maaza Bottle,Beverage,23.75,5,29,3,0,0,12
2025-03-28,Maaza Bottle,Beverage,23.75,5,24,4,0,0,12
2025-03-29,Maaza Bottle,Beverage,20.0,20,29,5,1,0,26
2025-03-30,Maaza Bottle,Beverage,22.5,10,92,6,1,0,24
2025-03-31,Maaza Bottle,Beverage,25.0,0,34,0,0,0,3
2025-04-01,Maaza Bottle,Beverage,22.5,10,97,1,0,0,11
2025-04-02,Maaza Bottle,Beverage,23.75,5,93,2,0,0,12
2025-04-03,Maaza Bottle,Beverage,22.5,10,54,3,0,0,12
2025-04-04,Maaza Bottle,Beverage,23.75,5,74,4,0,0,14
2025-04-05,Maaza Bottle,Beverage,22.5,10,78,5,1,0,20
2025-04-06,Maaza Bottle,Beverage,21.25,15,52,6,1,0,21
2025-04-07,Maaza Bottle,Beverage,23.75,5,50,0,0,0,13
2025-04-08,Maaza Bottle,Beverage,25.0,0,87,1,0,0,7
2025-04-09,Maaza Bottle,Beverage,25.0,0,65,2,0,0,12
2025-04-10,Maaza Bottle,Beverage,25.0,0,48,3,0,0,12
2025-04-11,Maaza Bottle,Beverage,21.25,15,67,4,0,0,17
2025-04-12,Maaza Bottle,Beverage,20.0,20,83,5,1,0,21
2025-04-13,Maaza Bottle,Beverage,25.0,0,94,6,1,0,16
2025-04-14,Maaza Bottle,Beverage,25.0,0,24,0,0,0,9
2025-04-15,Maaza Bottle,Beverage,23.75,5,84,1,0,0,16
2025-04-16,Maaza Bottle,Beverage,23.75,5,76,2,0,0,14
2025-04-17,Maaza Bottle,Beverage,25.0,0,65,3,0,0,8
2025-04-18,Maaza Bottle,Beverage,22.5,10,70,4,0,0,16
2025-04-19,Maaza Bottle,Beverage,25.0,0,35,5,1,0,19
2025-04-20,Maaza Bottle,Beverage,21.25,15,35,6,1,0,25
2025-04-21,Maaza Bottle,Beverage,23.75,5,36,0,0,0,18
2025-04-22,Maaza Bottle,Beverage,22.5,10,49,1,0,0,13
2025-04-23,Maaza Bottle,Beverage,22.5,10,25,2,0,0,19
2025-04-24,Maaza Bottle,Beverage,25.0,0,79,3,0,0,11
2025-04-25,Maaza Bottle,Beverage,21.25,15,38,4,0,0,18
2025-04-26,Maaza Bottle,Beverage,23.75,5,76,5,1,0,19
2025-04-27,Maaza Bottle,Beverage,22.5,10,20,6,1,0,20
2025-04-28,Maaza Bottle,Beverage,21.25,15,51,0,0,0,20
2025-04-29,Maaza Bottle,Beverage,21.25,15,82,1,0,0,19
2025-04-30,Maaza Bottle,Beverage,22.5,10,85,2,0,0,20
2025-05-01,Maaza Bottle,Beverage,23.75,5,61,3,0,0,11
2025-05-02,Maaza Bottle,Beverage,25.0,0,58,4,0,0,14
2025-05-03,Maaza Bottle,Beverage,25.0,0,92,5,1,0,10
2025-05-04,Maaza Bottle,Beverage,25.0,0,78,6,1,0,12
2025-05-05,Maaza Bottle,Beverage,25.0,0,87,0,0,0,13
2025-05-06,Maaza Bottle,Beverage,25.0,0,56,1,0,0,14
2025-05-07,Maaza Bottle,Beverage,20.0,20,47,2,0,0,23
2025-05-08,Maaza Bottle,Beverage,22.5,10,78,3,0,0,15
2025-05-09,Maaza Bottle,Beverage,25.0,0,58,4,0,0,12
2025-05-10,Maaza Bottle,Beverage,21.25,15,49,5,1,0,23
2025-05-11,Maaza Bottle,Beverage,21.25,15,81,6,1,0,21
2025-05-12,Maaza Bottle,Beverage,25.0,0,49,0,0,0,10
2025-05-13,Maaza Bottle,Beverage,20.0,20,42,1,0,0,20
2025-05-14,Maaza Bottle,Beverage,25.0,0,54,2,0,0,12
2025-05-15,Maaza Bottle,Beverage,22.5,10,20,3,0,0,17
2025-05-16,Maaza Bottle,Beverage,25.0,0,52,4,0,0,6
2025-05-17,Maaza Bottle,Beverage,22.5,10,55,5,1,0,22
2025-05-18,Maaza Bottle,Beverage,25.0,0,23,6,1,0,19
2025-05-19,Maaza Bottle,Beverage,20.0,20,32,0,0,0,22
2025-05-20,Maaza Bottle,Beverage,22.5,10,49,1,0,0,21
2025-05-21,Maaza Bottle,Beverage,25.0,0,77,2,0,0,8
2025-05-22,Maaza Bottle,Beverage,23.75,5,69,3,0,0,19
2025-05-23,Maaza Bottle,Beverage,25.0,0,50,4,0,0,10
2025-05-24,Maaza Bottle,Beverage,23.75,5,45,5,1,0,20
2025-05-25,Maaza Bottle,Beverage,22.5,10,68,6,1,0,22
2025-05-26,Maaza Bottle,Beverage,21.25,15,85,0,0,0,15
2025-05-27,Maaza Bottle,Beverage,22.5,10,42,1,0,0,15
2025-05-28,Maaza Bottle,Beverage,25.0,0,33,2,0,0,6
2025-05-29,Maaza Bottle,Beverage,22.5,10,53,3,0,0,14
2025-05-30,Maaza Bottle,Beverage,25.0,0,54,4,0,0,14
2025-05-31,Maaza Bottle,Beverage,23.75,5,38,5,1,0,19
2025-06-01,Maaza Bottle,Beverage,25.0,0,73,6,1,0,19
2025-06-02,Maaza Bottle,Beverage,25.0,0,20,0,0,0,15
2025-06-03,Maaza Bottle,Beverage,25.0,0,89,1,0,0,13
2025-06-04,Maaza Bottle,Beverage,22.5,10,84,2,0,0,17
2025-06-05,Maaza Bottle,Beverage,25.0,0,22,3,0,0,10
2025-06-06,Maaza Bottle,Beverage,22.5,10,47,4,0,0,17
2025-06-07,Maaza Bottle,Beverage,25.0,0,26,5,1,0,10
2025-06-08,Maaza Bottle,Beverage,22.5,10,27,6,1,0,25
2025-06-09,Maaza Bottle,Beverage,25.0,0,46,0,0,0,10
2025-06-10,Maaza Bottle,Beverage,25.0,0,76,1,0,0,9
2025-06-11,Maaza Bottle,Beverage,25.0,0,33,2,0,0,16
2025-06-12,Maaza Bottle,Beverage,25.0,0,33,3,0,0,12
2025-06-13,Maaza Bottle,Beverage,25.0,0,35,4,0,0,4
2025-06-14,Maaza Bottle,Beverage,23.75,5,97,5,1,0,21
2025-06-15,Maaza Bottle,Beverage,23.75,5,46,6,1,0,19
2025-06-16,Maaza Bottle,Beverage,22.5,10,47,0,0,0,19
2025-06-17,Maaza Bottle,Beverage,25.0,0,99,1,0,0,13
2025-06-18,Maaza Bottle,Beverage,25.0,0,82,2,0,0,16
2025-06-19,Maaza Bottle,Beverage,25.0,0,56,3,0,0,11
2025-06-20,Maaza Bottle,Beverage,25.0,0,81,4,0,0,12
2025-06-21,Maaza Bottle,Beverage,21.25,15,85,5,1,0,20
2025-06-22,Maaza Bottle,Beverage,25.0,0,25,6,1,0,15
2025-06-23,Maaza Bottle,Beverage,21.25,15,96,0,0,0,20
2025-06-24,Maaza Bottle,Beverage,23.75,5,29,1,0,0,16
2025-06-25,Maaza Bottle,Beverage,22.5,10,96,2,0,0,17
2025-06-26,Maaza Bottle,Beverage,22.5,10,90,3,0,0,16
2025-06-27,Maaza Bottle,Beverage,22.5,10,39,4,0,0,16
